// Jest Snapshot v1, https://goo.gl/fbAQLP

exports[`MapContainer should match the snapshot 1`] = `
ShallowWrapper {
  "length": 1,
  Symbol(enzyme.__root__): [Circular],
  Symbol(enzyme.__unrendered__): <MapContainer
    destination={
        Object {
            "id": 1,
          }
    }
    toggleShowing={[Function]}
/>,
  Symbol(enzyme.__renderer__): Object {
    "batchedUpdates": [Function],
    "getNode": [Function],
    "render": [Function],
    "simulateEvent": [Function],
    "unmount": [Function],
  },
  Symbol(enzyme.__node__): Object {
    "instance": null,
    "key": undefined,
    "nodeType": "host",
    "props": Object {
      "children": <withScriptjs(withGoogleMap(Component))
        containerElement={
                <div
                        className="availableRidesMap"
                />
        }
        googleMapURL="https://maps.googleapis.com/maps/api/js?key=AIzaSyBpg9nHLSVUVkDpaTBENL6Q3xC23yWcmco&v=3.exp&libraries=geometry,drawing,places"
        loadingElement={
                <div
                        style={
                                Object {
                                        "height": "100%",
                                      }
                        }
                />
        }
        mapElement={
                <div
                        style={
                                Object {
                                        "height": "100%",
                                      }
                        }
                />
        }
        markerCoords={undefined}
        position={undefined}
        rides={undefined}
        toggleShowing={[Function]}
/>,
      "className": "map-container",
    },
    "ref": null,
    "rendered": Object {
      "instance": null,
      "key": undefined,
      "nodeType": "class",
      "props": Object {
        "containerElement": <div
          className="availableRidesMap"
/>,
        "googleMapURL": "https://maps.googleapis.com/maps/api/js?key=AIzaSyBpg9nHLSVUVkDpaTBENL6Q3xC23yWcmco&v=3.exp&libraries=geometry,drawing,places",
        "loadingElement": <div
          style={
                    Object {
                              "height": "100%",
                            }
          }
/>,
        "mapElement": <div
          style={
                    Object {
                              "height": "100%",
                            }
          }
/>,
        "markerCoords": undefined,
        "position": undefined,
        "rides": undefined,
        "toggleShowing": [Function],
      },
      "ref": null,
      "rendered": null,
      "type": [Function],
    },
    "type": "div",
  },
  Symbol(enzyme.__nodes__): Array [
    Object {
      "instance": null,
      "key": undefined,
      "nodeType": "host",
      "props": Object {
        "children": <withScriptjs(withGoogleMap(Component))
          containerElement={
                    <div
                              className="availableRidesMap"
                    />
          }
          googleMapURL="https://maps.googleapis.com/maps/api/js?key=AIzaSyBpg9nHLSVUVkDpaTBENL6Q3xC23yWcmco&v=3.exp&libraries=geometry,drawing,places"
          loadingElement={
                    <div
                              style={
                                        Object {
                                                  "height": "100%",
                                                }
                              }
                    />
          }
          mapElement={
                    <div
                              style={
                                        Object {
                                                  "height": "100%",
                                                }
                              }
                    />
          }
          markerCoords={undefined}
          position={undefined}
          rides={undefined}
          toggleShowing={[Function]}
/>,
        "className": "map-container",
      },
      "ref": null,
      "rendered": Object {
        "instance": null,
        "key": undefined,
        "nodeType": "class",
        "props": Object {
          "containerElement": <div
            className="availableRidesMap"
/>,
          "googleMapURL": "https://maps.googleapis.com/maps/api/js?key=AIzaSyBpg9nHLSVUVkDpaTBENL6Q3xC23yWcmco&v=3.exp&libraries=geometry,drawing,places",
          "loadingElement": <div
            style={
                        Object {
                                    "height": "100%",
                                  }
            }
/>,
          "mapElement": <div
            style={
                        Object {
                                    "height": "100%",
                                  }
            }
/>,
          "markerCoords": undefined,
          "position": undefined,
          "rides": undefined,
          "toggleShowing": [Function],
        },
        "ref": null,
        "rendered": null,
        "type": [Function],
      },
      "type": "div",
    },
  ],
  Symbol(enzyme.__options__): Object {
    "adapter": ReactSixteenAdapter {
      "options": Object {
        "enableComponentDidUpdateOnSetState": true,
      },
    },
  },
}
`;
