// Jest Snapshot v1, https://goo.gl/fbAQLP

exports[`SignupContainer should match the snapshot 1`] = `
ShallowWrapper {
  "length": 1,
  Symbol(enzyme.__root__): [Circular],
  Symbol(enzyme.__unrendered__): <SignupContainer
    setUser={[Function]}
/>,
  Symbol(enzyme.__renderer__): Object {
    "batchedUpdates": [Function],
    "getNode": [Function],
    "render": [Function],
    "simulateEvent": [Function],
    "unmount": [Function],
  },
  Symbol(enzyme.__node__): Object {
    "instance": null,
    "key": undefined,
    "nodeType": "host",
    "props": Object {
      "children": <form
        action="submit"
        className="signup-form"
        onSubmit={[Function]}
>
        <input
                className="signup-input"
                name="user_name"
                onChange={[Function]}
                placeholder="user_name"
                type="text"
                value=""
        />
        <input
                className="signup-input"
                name="email"
                onChange={[Function]}
                placeholder="email"
                type="text"
                value=""
        />
        <input
                className="signup-input"
                name="password"
                onChange={[Function]}
                placeholder="password"
                type="password"
                value=""
        />
        <input
                type="submit"
        />
</form>,
      "className": "signup-container",
    },
    "ref": null,
    "rendered": Object {
      "instance": null,
      "key": undefined,
      "nodeType": "host",
      "props": Object {
        "action": "submit",
        "children": Array [
          <input
            className="signup-input"
            name="user_name"
            onChange={[Function]}
            placeholder="user_name"
            type="text"
            value=""
/>,
          <input
            className="signup-input"
            name="email"
            onChange={[Function]}
            placeholder="email"
            type="text"
            value=""
/>,
          <input
            className="signup-input"
            name="password"
            onChange={[Function]}
            placeholder="password"
            type="password"
            value=""
/>,
          <input
            type="submit"
/>,
        ],
        "className": "signup-form",
        "onSubmit": [Function],
      },
      "ref": null,
      "rendered": Array [
        Object {
          "instance": null,
          "key": undefined,
          "nodeType": "host",
          "props": Object {
            "className": "signup-input",
            "name": "user_name",
            "onChange": [Function],
            "placeholder": "user_name",
            "type": "text",
            "value": "",
          },
          "ref": null,
          "rendered": null,
          "type": "input",
        },
        Object {
          "instance": null,
          "key": undefined,
          "nodeType": "host",
          "props": Object {
            "className": "signup-input",
            "name": "email",
            "onChange": [Function],
            "placeholder": "email",
            "type": "text",
            "value": "",
          },
          "ref": null,
          "rendered": null,
          "type": "input",
        },
        Object {
          "instance": null,
          "key": undefined,
          "nodeType": "host",
          "props": Object {
            "className": "signup-input",
            "name": "password",
            "onChange": [Function],
            "placeholder": "password",
            "type": "password",
            "value": "",
          },
          "ref": null,
          "rendered": null,
          "type": "input",
        },
        Object {
          "instance": null,
          "key": undefined,
          "nodeType": "host",
          "props": Object {
            "type": "submit",
          },
          "ref": null,
          "rendered": null,
          "type": "input",
        },
      ],
      "type": "form",
    },
    "type": "div",
  },
  Symbol(enzyme.__nodes__): Array [
    Object {
      "instance": null,
      "key": undefined,
      "nodeType": "host",
      "props": Object {
        "children": <form
          action="submit"
          className="signup-form"
          onSubmit={[Function]}
>
          <input
                    className="signup-input"
                    name="user_name"
                    onChange={[Function]}
                    placeholder="user_name"
                    type="text"
                    value=""
          />
          <input
                    className="signup-input"
                    name="email"
                    onChange={[Function]}
                    placeholder="email"
                    type="text"
                    value=""
          />
          <input
                    className="signup-input"
                    name="password"
                    onChange={[Function]}
                    placeholder="password"
                    type="password"
                    value=""
          />
          <input
                    type="submit"
          />
</form>,
        "className": "signup-container",
      },
      "ref": null,
      "rendered": Object {
        "instance": null,
        "key": undefined,
        "nodeType": "host",
        "props": Object {
          "action": "submit",
          "children": Array [
            <input
              className="signup-input"
              name="user_name"
              onChange={[Function]}
              placeholder="user_name"
              type="text"
              value=""
/>,
            <input
              className="signup-input"
              name="email"
              onChange={[Function]}
              placeholder="email"
              type="text"
              value=""
/>,
            <input
              className="signup-input"
              name="password"
              onChange={[Function]}
              placeholder="password"
              type="password"
              value=""
/>,
            <input
              type="submit"
/>,
          ],
          "className": "signup-form",
          "onSubmit": [Function],
        },
        "ref": null,
        "rendered": Array [
          Object {
            "instance": null,
            "key": undefined,
            "nodeType": "host",
            "props": Object {
              "className": "signup-input",
              "name": "user_name",
              "onChange": [Function],
              "placeholder": "user_name",
              "type": "text",
              "value": "",
            },
            "ref": null,
            "rendered": null,
            "type": "input",
          },
          Object {
            "instance": null,
            "key": undefined,
            "nodeType": "host",
            "props": Object {
              "className": "signup-input",
              "name": "email",
              "onChange": [Function],
              "placeholder": "email",
              "type": "text",
              "value": "",
            },
            "ref": null,
            "rendered": null,
            "type": "input",
          },
          Object {
            "instance": null,
            "key": undefined,
            "nodeType": "host",
            "props": Object {
              "className": "signup-input",
              "name": "password",
              "onChange": [Function],
              "placeholder": "password",
              "type": "password",
              "value": "",
            },
            "ref": null,
            "rendered": null,
            "type": "input",
          },
          Object {
            "instance": null,
            "key": undefined,
            "nodeType": "host",
            "props": Object {
              "type": "submit",
            },
            "ref": null,
            "rendered": null,
            "type": "input",
          },
        ],
        "type": "form",
      },
      "type": "div",
    },
  ],
  Symbol(enzyme.__options__): Object {
    "adapter": ReactSixteenAdapter {
      "options": Object {
        "enableComponentDidUpdateOnSetState": true,
      },
    },
  },
}
`;
