// Jest Snapshot v1, https://goo.gl/fbAQLP

exports[`ProfileContainer should match the snapshot 1`] = `
ShallowWrapper {
  "length": 1,
  Symbol(enzyme.__root__): [Circular],
  Symbol(enzyme.__unrendered__): <CreateProfileContainer
    user={
        Object {
            "id": 1,
            "user_name": "sage",
          }
    }
/>,
  Symbol(enzyme.__renderer__): Object {
    "batchedUpdates": [Function],
    "getNode": [Function],
    "render": [Function],
    "simulateEvent": [Function],
    "unmount": [Function],
  },
  Symbol(enzyme.__node__): Object {
    "instance": null,
    "key": undefined,
    "nodeType": "host",
    "props": Object {
      "children": <form
        action="submit"
        onClick={[Function]}
>
        All you have to do is tell us a little about yourself and leave an image if you would like!
        <input
                name="bio"
                onChange={[Function]}
                type="text"
        />
        <input
                name="user_img"
                onChange={[Function]}
                type="text"
        />
        <input
                type="submit"
        />
</form>,
    },
    "ref": null,
    "rendered": Object {
      "instance": null,
      "key": undefined,
      "nodeType": "host",
      "props": Object {
        "action": "submit",
        "children": Array [
          "All you have to do is tell us a little about yourself and leave an image if you would like!",
          <input
            name="bio"
            onChange={[Function]}
            type="text"
/>,
          <input
            name="user_img"
            onChange={[Function]}
            type="text"
/>,
          <input
            type="submit"
/>,
        ],
        "onClick": [Function],
      },
      "ref": null,
      "rendered": Array [
        "All you have to do is tell us a little about yourself and leave an image if you would like!",
        Object {
          "instance": null,
          "key": undefined,
          "nodeType": "host",
          "props": Object {
            "name": "bio",
            "onChange": [Function],
            "type": "text",
          },
          "ref": null,
          "rendered": null,
          "type": "input",
        },
        Object {
          "instance": null,
          "key": undefined,
          "nodeType": "host",
          "props": Object {
            "name": "user_img",
            "onChange": [Function],
            "type": "text",
          },
          "ref": null,
          "rendered": null,
          "type": "input",
        },
        Object {
          "instance": null,
          "key": undefined,
          "nodeType": "host",
          "props": Object {
            "type": "submit",
          },
          "ref": null,
          "rendered": null,
          "type": "input",
        },
      ],
      "type": "form",
    },
    "type": "div",
  },
  Symbol(enzyme.__nodes__): Array [
    Object {
      "instance": null,
      "key": undefined,
      "nodeType": "host",
      "props": Object {
        "children": <form
          action="submit"
          onClick={[Function]}
>
          All you have to do is tell us a little about yourself and leave an image if you would like!
          <input
                    name="bio"
                    onChange={[Function]}
                    type="text"
          />
          <input
                    name="user_img"
                    onChange={[Function]}
                    type="text"
          />
          <input
                    type="submit"
          />
</form>,
      },
      "ref": null,
      "rendered": Object {
        "instance": null,
        "key": undefined,
        "nodeType": "host",
        "props": Object {
          "action": "submit",
          "children": Array [
            "All you have to do is tell us a little about yourself and leave an image if you would like!",
            <input
              name="bio"
              onChange={[Function]}
              type="text"
/>,
            <input
              name="user_img"
              onChange={[Function]}
              type="text"
/>,
            <input
              type="submit"
/>,
          ],
          "onClick": [Function],
        },
        "ref": null,
        "rendered": Array [
          "All you have to do is tell us a little about yourself and leave an image if you would like!",
          Object {
            "instance": null,
            "key": undefined,
            "nodeType": "host",
            "props": Object {
              "name": "bio",
              "onChange": [Function],
              "type": "text",
            },
            "ref": null,
            "rendered": null,
            "type": "input",
          },
          Object {
            "instance": null,
            "key": undefined,
            "nodeType": "host",
            "props": Object {
              "name": "user_img",
              "onChange": [Function],
              "type": "text",
            },
            "ref": null,
            "rendered": null,
            "type": "input",
          },
          Object {
            "instance": null,
            "key": undefined,
            "nodeType": "host",
            "props": Object {
              "type": "submit",
            },
            "ref": null,
            "rendered": null,
            "type": "input",
          },
        ],
        "type": "form",
      },
      "type": "div",
    },
  ],
  Symbol(enzyme.__options__): Object {
    "adapter": ReactSixteenAdapter {
      "options": Object {
        "enableComponentDidUpdateOnSetState": true,
      },
    },
  },
}
`;
